// Jest Snapshot v1, https://goo.gl/fbAQLP

exports[`renders correctly 1`] = `
<div>
  <div>
    cd445e6d-e514-424f-ba8f-16ec842002c6
  </div>
  <div>
    fe27b760-a915-475c-80bb-7cdf14cc6ef3
  </div>
  <div>
    Quisque erat eros, viverra eget, congue eget, semper rutrum, nulla.
  </div>
  <div>
    2/9/2017, 4:27:38 AM
  </div>
</div>
`;
