// Jest Snapshot v1, https://goo.gl/fbAQLP

exports[`renders correctly 1`] = `
<div>
  <div>
    <img
      alt="Albert Rose"
      height={100}
      src="http://dummyimage.com/100x100.jpg/5fa2dd/ffffff"
      width={100}
    />
    Quisque erat eros, viverra eget, congue eget, semper rutrum, nulla.
  </div>
  <div>
    2/9/2017, 4:27:38 AM
  </div>
</div>
`;
